------------------------------------------------------------
Timing Analyzer Summary
------------------------------------------------------------

Type  : Slow 1100mV 85C Model Setup 'CLOCK_50'
Slack : -3.117
TNS   : -3.117

Type  : Slow 1100mV 85C Model Setup 'KEY[0]'
Slack : -1.850
TNS   : -6.545

Type  : Slow 1100mV 85C Model Hold 'KEY[0]'
Slack : 0.616
TNS   : 0.000

Type  : Slow 1100mV 85C Model Hold 'CLOCK_50'
Slack : 0.783
TNS   : 0.000

Type  : Slow 1100mV 85C Model Minimum Pulse Width 'CLOCK_50'
Slack : -0.728
TNS   : -1.266

Type  : Slow 1100mV 85C Model Minimum Pulse Width 'KEY[0]'
Slack : -0.538
TNS   : -3.720

Type  : Slow 1100mV 0C Model Setup 'CLOCK_50'
Slack : -3.073
TNS   : -3.073

Type  : Slow 1100mV 0C Model Setup 'KEY[0]'
Slack : -1.912
TNS   : -6.836

Type  : Slow 1100mV 0C Model Hold 'KEY[0]'
Slack : 0.610
TNS   : 0.000

Type  : Slow 1100mV 0C Model Hold 'CLOCK_50'
Slack : 0.641
TNS   : 0.000

Type  : Slow 1100mV 0C Model Minimum Pulse Width 'CLOCK_50'
Slack : -0.728
TNS   : -1.287

Type  : Slow 1100mV 0C Model Minimum Pulse Width 'KEY[0]'
Slack : -0.538
TNS   : -3.900

Type  : Fast 1100mV 85C Model Setup 'CLOCK_50'
Slack : -2.418
TNS   : -2.418

Type  : Fast 1100mV 85C Model Setup 'KEY[0]'
Slack : -0.546
TNS   : -1.668

Type  : Fast 1100mV 85C Model Hold 'KEY[0]'
Slack : 0.240
TNS   : 0.000

Type  : Fast 1100mV 85C Model Hold 'CLOCK_50'
Slack : 0.308
TNS   : 0.000

Type  : Fast 1100mV 85C Model Minimum Pulse Width 'CLOCK_50'
Slack : -0.768
TNS   : -1.352

Type  : Fast 1100mV 85C Model Minimum Pulse Width 'KEY[0]'
Slack : -0.577
TNS   : -4.013

Type  : Fast 1100mV 0C Model Setup 'CLOCK_50'
Slack : -2.256
TNS   : -2.256

Type  : Fast 1100mV 0C Model Setup 'KEY[0]'
Slack : -0.464
TNS   : -1.427

Type  : Fast 1100mV 0C Model Hold 'CLOCK_50'
Slack : 0.183
TNS   : 0.000

Type  : Fast 1100mV 0C Model Hold 'KEY[0]'
Slack : 0.211
TNS   : 0.000

Type  : Fast 1100mV 0C Model Minimum Pulse Width 'CLOCK_50'
Slack : -0.767
TNS   : -1.406

Type  : Fast 1100mV 0C Model Minimum Pulse Width 'KEY[0]'
Slack : -0.625
TNS   : -4.508

------------------------------------------------------------
